#-----------------------------------------------------------
# Vivado v2019.1 (64-bit)
# SW Build 2552052 on Fri May 24 14:49:42 MDT 2019
# IP Build 2548770 on Fri May 24 18:01:18 MDT 2019
# Start of session at: Sat Jun 25 14:14:35 2022
# Process ID: 5776
# Current directory: D:/AGH/Semestr_VIII/SDUP/Projekt/Project/histogram_acc
# Command line: vivado.exe -gui_launcher_event rodinguilauncherevent17152 D:\AGH\Semestr_VIII\SDUP\Projekt\Project\histogram_acc\histogram_acc.xpr
# Log file: D:/AGH/Semestr_VIII/SDUP/Projekt/Project/histogram_acc/vivado.log
# Journal file: D:/AGH/Semestr_VIII/SDUP/Projekt/Project/histogram_acc\vivado.jou
#-----------------------------------------------------------
start_gui
open_project D:/AGH/Semestr_VIII/SDUP/Projekt/Project/histogram_acc/histogram_acc.xpr
uupdate_compile_order -fileset sources_1
launch_sdk -workspace D:/AGH/Semestr_VIII/SDUP/Projekt/Project/histogram_acc/histogram_acc.sdk -hwspec D:/AGH/Semestr_VIII/SDUP/Projekt/Project/histogram_acc/histogram_acc.sdk/design_acc_wrapper.hdf
